// Jest Snapshot v1, https://goo.gl/fbAQLP

exports[`should render Login page correctly 1`] = `
<div
  className="box-layout"
>
  <div
    className="box-layout__box"
  >
    <h1
      className=".box-layout__title"
    >
      Boilerplate
    </h1>
    <p>
      --Insert TagLine here--
    </p>
    <button
      className="button"
    >
      Login With Google
    </button>
  </div>
</div>
`;
